// Jest Snapshot v1, https://goo.gl/fbAQLP

exports[`<Text /> should render the heading 1`] = `
<p
  class="font-normal text-dark-high text-base"
>
  Body
</p>
`;
